Archive member included to satisfy reference by file (symbol)

/home/raffael/STM/STMCubeIDE/plugins/com.st.stm32cube.ide.mcu.externaltools.gnu-tools-for-stm32.11.3.rel1.linux64_1.1.0.202305231506/tools/bin/../lib/gcc/arm-none-eabi/11.3.1/../../../../arm-none-eabi/lib/thumb/v6-m/nofp/libc_nano.a(libc_a-exit.o)
                              /home/raffael/STM/STMCubeIDE/plugins/com.st.stm32cube.ide.mcu.externaltools.gnu-tools-for-stm32.11.3.rel1.linux64_1.1.0.202305231506/tools/bin/../lib/gcc/arm-none-eabi/11.3.1/../../../../arm-none-eabi/lib/thumb/v6-m/nofp/crt0.o (exit)
/home/raffael/STM/STMCubeIDE/plugins/com.st.stm32cube.ide.mcu.externaltools.gnu-tools-for-stm32.11.3.rel1.linux64_1.1.0.202305231506/tools/bin/../lib/gcc/arm-none-eabi/11.3.1/../../../../arm-none-eabi/lib/thumb/v6-m/nofp/libc_nano.a(libc_a-findfp.o)
                              /home/raffael/STM/STMCubeIDE/plugins/com.st.stm32cube.ide.mcu.externaltools.gnu-tools-for-stm32.11.3.rel1.linux64_1.1.0.202305231506/tools/bin/../lib/gcc/arm-none-eabi/11.3.1/../../../../arm-none-eabi/lib/thumb/v6-m/nofp/libc_nano.a(libc_a-exit.o) (__stdio_exit_handler)
/home/raffael/STM/STMCubeIDE/plugins/com.st.stm32cube.ide.mcu.externaltools.gnu-tools-for-stm32.11.3.rel1.linux64_1.1.0.202305231506/tools/bin/../lib/gcc/arm-none-eabi/11.3.1/../../../../arm-none-eabi/lib/thumb/v6-m/nofp/libc_nano.a(libc_a-fwalk.o)
                              /home/raffael/STM/STMCubeIDE/plugins/com.st.stm32cube.ide.mcu.externaltools.gnu-tools-for-stm32.11.3.rel1.linux64_1.1.0.202305231506/tools/bin/../lib/gcc/arm-none-eabi/11.3.1/../../../../arm-none-eabi/lib/thumb/v6-m/nofp/libc_nano.a(libc_a-findfp.o) (_fwalk_sglue)
/home/raffael/STM/STMCubeIDE/plugins/com.st.stm32cube.ide.mcu.externaltools.gnu-tools-for-stm32.11.3.rel1.linux64_1.1.0.202305231506/tools/bin/../lib/gcc/arm-none-eabi/11.3.1/../../../../arm-none-eabi/lib/thumb/v6-m/nofp/libc_nano.a(libc_a-stdio.o)
                              /home/raffael/STM/STMCubeIDE/plugins/com.st.stm32cube.ide.mcu.externaltools.gnu-tools-for-stm32.11.3.rel1.linux64_1.1.0.202305231506/tools/bin/../lib/gcc/arm-none-eabi/11.3.1/../../../../arm-none-eabi/lib/thumb/v6-m/nofp/libc_nano.a(libc_a-findfp.o) (__sread)
/home/raffael/STM/STMCubeIDE/plugins/com.st.stm32cube.ide.mcu.externaltools.gnu-tools-for-stm32.11.3.rel1.linux64_1.1.0.202305231506/tools/bin/../lib/gcc/arm-none-eabi/11.3.1/../../../../arm-none-eabi/lib/thumb/v6-m/nofp/libc_nano.a(libc_a-memset.o)
                              /home/raffael/STM/STMCubeIDE/plugins/com.st.stm32cube.ide.mcu.externaltools.gnu-tools-for-stm32.11.3.rel1.linux64_1.1.0.202305231506/tools/bin/../lib/gcc/arm-none-eabi/11.3.1/../../../../arm-none-eabi/lib/thumb/v6-m/nofp/crt0.o (memset)
/home/raffael/STM/STMCubeIDE/plugins/com.st.stm32cube.ide.mcu.externaltools.gnu-tools-for-stm32.11.3.rel1.linux64_1.1.0.202305231506/tools/bin/../lib/gcc/arm-none-eabi/11.3.1/../../../../arm-none-eabi/lib/thumb/v6-m/nofp/libc_nano.a(libc_a-strncmp.o)
                              ./TraceRecorder/trcSnapshotRecorder.o (strncmp)
/home/raffael/STM/STMCubeIDE/plugins/com.st.stm32cube.ide.mcu.externaltools.gnu-tools-for-stm32.11.3.rel1.linux64_1.1.0.202305231506/tools/bin/../lib/gcc/arm-none-eabi/11.3.1/../../../../arm-none-eabi/lib/thumb/v6-m/nofp/libc_nano.a(libc_a-closer.o)
                              /home/raffael/STM/STMCubeIDE/plugins/com.st.stm32cube.ide.mcu.externaltools.gnu-tools-for-stm32.11.3.rel1.linux64_1.1.0.202305231506/tools/bin/../lib/gcc/arm-none-eabi/11.3.1/../../../../arm-none-eabi/lib/thumb/v6-m/nofp/libc_nano.a(libc_a-stdio.o) (_close_r)
/home/raffael/STM/STMCubeIDE/plugins/com.st.stm32cube.ide.mcu.externaltools.gnu-tools-for-stm32.11.3.rel1.linux64_1.1.0.202305231506/tools/bin/../lib/gcc/arm-none-eabi/11.3.1/../../../../arm-none-eabi/lib/thumb/v6-m/nofp/libc_nano.a(libc_a-reent.o)
                              /home/raffael/STM/STMCubeIDE/plugins/com.st.stm32cube.ide.mcu.externaltools.gnu-tools-for-stm32.11.3.rel1.linux64_1.1.0.202305231506/tools/bin/../lib/gcc/arm-none-eabi/11.3.1/../../../../arm-none-eabi/lib/thumb/v6-m/nofp/libc_nano.a(libc_a-closer.o) (errno)
/home/raffael/STM/STMCubeIDE/plugins/com.st.stm32cube.ide.mcu.externaltools.gnu-tools-for-stm32.11.3.rel1.linux64_1.1.0.202305231506/tools/bin/../lib/gcc/arm-none-eabi/11.3.1/../../../../arm-none-eabi/lib/thumb/v6-m/nofp/libc_nano.a(libc_a-impure.o)
                              /home/raffael/STM/STMCubeIDE/plugins/com.st.stm32cube.ide.mcu.externaltools.gnu-tools-for-stm32.11.3.rel1.linux64_1.1.0.202305231506/tools/bin/../lib/gcc/arm-none-eabi/11.3.1/../../../../arm-none-eabi/lib/thumb/v6-m/nofp/libc_nano.a(libc_a-reent.o) (_impure_ptr)
/home/raffael/STM/STMCubeIDE/plugins/com.st.stm32cube.ide.mcu.externaltools.gnu-tools-for-stm32.11.3.rel1.linux64_1.1.0.202305231506/tools/bin/../lib/gcc/arm-none-eabi/11.3.1/../../../../arm-none-eabi/lib/thumb/v6-m/nofp/libc_nano.a(libc_a-lseekr.o)
[...]
Memory Configuration

Name             Origin             Length             Attributes
FLASH            0x0000000008000000 0x0000000000020000 xr
RAM              0x0000000020000000 0x0000000000004000 xrw
*default*        0x0000000000000000 0xffffffffffffffff

Linker script and memory map

LOAD /home/raffael/STM/STMCubeIDE/plugins/com.st.stm32cube.ide.mcu.externaltools.gnu-tools-for-stm32.11.3.rel1.linux64_1.1.0.202305231506/tools/bin/../lib/gcc/arm-none-eabi/11.3.1/thumb/v6-m/nofp/crti.o
LOAD /home/raffael/STM/STMCubeIDE/plugins/com.st.stm32cube.ide.mcu.externaltools.gnu-tools-for-stm32.11.3.rel1.linux64_1.1.0.202305231506/tools/bin/../lib/gcc/arm-none-eabi/11.3.1/thumb/v6-m/nofp/crtbegin.o
LOAD /home/raffael/STM/STMCubeIDE/plugins/com.st.stm32cube.ide.mcu.externaltools.gnu-tools-for-stm32.11.3.rel1.linux64_1.1.0.202305231506/tools/bin/../lib/gcc/arm-none-eabi/11.3.1/../../../../arm-none-eabi/lib/thumb/v6-m/nofp/crt0.o
LOAD ./FreeRTOS/croutine.o
LOAD ./FreeRTOS/event_groups.o
LOAD ./FreeRTOS/list.o
LOAD ./FreeRTOS/queue.o
LOAD ./FreeRTOS/stream_buffer.o
LOAD ./FreeRTOS/tasks.o
LOAD ./FreeRTOS/timers.o
LOAD ./FreeRTOS/portable/GCC/ARM_CM0/port.o
LOAD ./FreeRTOS/portable/MemMang/heap_1.o
LOAD ./TraceRecorder/trcInternalBuffer.o
LOAD ./TraceRecorder/trcKernelPort.o
LOAD ./TraceRecorder/trcSnapshotRecorder.o
LOAD ./TraceRecorder/trcStreamingRecorder.o
LOAD ./app/src/main.o
LOAD ./app/src/printf-stdarg.o
LOAD ./app/src/stm32f0xx_it.o
LOAD ./bsp/src/bsp.o
LOAD ./cmsis/device/src/startup_stm32f072xb.o
LOAD ./cmsis/device/src/system_stm32f0xx.o
LOAD ./sycall.o
START GROUP
LOAD /home/raffael/STM/STMCubeIDE/plugins/com.st.stm32cube.ide.mcu.externaltools.gnu-tools-for-stm32.11.3.rel1.linux64_1.1.0.202305231506/tools/bin/../lib/gcc/arm-none-eabi/11.3.1/../../../../arm-none-eabi/lib/thumb/v6-m/nofp/libc_nano.a
LOAD /home/raffael/STM/STMCubeIDE/plugins/com.st.stm32cube.ide.mcu.externaltools.gnu-tools-for-stm32.11.3.rel1.linux64_1.1.0.202305231506/tools/bin/../lib/gcc/arm-none-eabi/11.3.1/../../../../arm-none-eabi/lib/thumb/v6-m/nofp/libm.a
END GROUP
START GROUP
LOAD /home/raffael/STM/STMCubeIDE/plugins/com.st.stm32cube.ide.mcu.externaltools.gnu-tools-for-stm32.11.3.rel1.linux64_1.1.0.202305231506/tools/bin/../lib/gcc/arm-none-eabi/11.3.1/thumb/v6-m/nofp/libgcc.a
LOAD /home/raffael/STM/STMCubeIDE/plugins/com.st.stm32cube.ide.mcu.externaltools.gnu-tools-for-stm32.11.3.rel1.linux64_1.1.0.202305231506/tools/bin/../lib/gcc/arm-none-eabi/11.3.1/../../../../arm-none-eabi/lib/thumb/v6-m/nofp/libc_nano.a
END GROUP
START GROUP
LOAD /home/raffael/STM/STMCubeIDE/plugins/com.st.stm32cube.ide.mcu.externaltools.gnu-tools-for-stm32.11.3.rel1.linux64_1.1.0.202305231506/tools/bin/../lib/gcc/arm-none-eabi/11.3.1/thumb/v6-m/nofp/libgcc.a
LOAD /home/raffael/STM/STMCubeIDE/plugins/com.st.stm32cube.ide.mcu.externaltools.gnu-tools-for-stm32.11.3.rel1.linux64_1.1.0.202305231506/tools/bin/../lib/gcc/arm-none-eabi/11.3.1/../../../../arm-none-eabi/lib/thumb/v6-m/nofp/libc_nano.a
LOAD /home/raffael/STM/STMCubeIDE/plugins/com.st.stm32cube.ide.mcu.externaltools.gnu-tools-for-stm32.11.3.rel1.linux64_1.1.0.202305231506/tools/bin/../lib/gcc/arm-none-eabi/11.3.1/../../../../arm-none-eabi/lib/thumb/v6-m/nofp/libnosys.a
END GROUP
START GROUP
LOAD /home/raffael/STM/STMCubeIDE/plugins/com.st.stm32cube.ide.mcu.externaltools.gnu-tools-for-stm32.11.3.rel1.linux64_1.1.0.202305231506/tools/bin/../lib/gcc/arm-none-eabi/11.3.1/thumb/v6-m/nofp/libgcc.a
LOAD /home/raffael/STM/STMCubeIDE/plugins/com.st.stm32cube.ide.mcu.externaltools.gnu-tools-for-stm32.11.3.rel1.linux64_1.1.0.202305231506/tools/bin/../lib/gcc/arm-none-eabi/11.3.1/../../../../arm-none-eabi/lib/thumb/v6-m/nofp/libc_nano.a
LOAD /home/raffael/STM/STMCubeIDE/plugins/com.st.stm32cube.ide.mcu.externaltools.gnu-tools-for-stm32.11.3.rel1.linux64_1.1.0.202305231506/tools/bin/../lib/gcc/arm-none-eabi/11.3.1/../../../../arm-none-eabi/lib/thumb/v6-m/nofp/libnosys.a
END GROUP
LOAD /home/raffael/STM/STMCubeIDE/plugins/com.st.stm32cube.ide.mcu.externaltools.gnu-tools-for-stm32.11.3.rel1.linux64_1.1.0.202305231506/tools/bin/../lib/gcc/arm-none-eabi/11.3.1/thumb/v6-m/nofp/crtend.o
LOAD /home/raffael/STM/STMCubeIDE/plugins/com.st.stm32cube.ide.mcu.externaltools.gnu-tools-for-stm32.11.3.rel1.linux64_1.1.0.202305231506/tools/bin/../lib/gcc/arm-none-eabi/11.3.1/thumb/v6-m/nofp/crtn.o
                0x0000000020004000                _estack = 0x20004000
                0x0000000000000200                _Min_Heap_Size = 0x200
                0x0000000000000400                _Min_Stack_Size = 0x400

.isr_vector     0x0000000008000000       0xc0
                0x0000000008000000                . = ALIGN (0x4)
 *(.isr_vector)
 .isr_vector    0x0000000008000000       0xc0 ./cmsis/device/src/startup_stm32f072xb.o
                0x0000000008000000                g_pfnVectors
                0x00000000080000c0                . = ALIGN (0x4)

.text           0x00000000080000c0     0x5b84
                0x00000000080000c0                . = ALIGN (0x4)
 *(.text)
 .text          0x00000000080000c0       0x48 /home/raffael/STM/STMCubeIDE/plugins/com.st.stm32cube.ide.mcu.externaltools.gnu-tools-for-stm32.11.3.rel1.linux64_1.1.0.202305231506/tools/bin/../lib/gcc/arm-none-eabi/11.3.1/thumb/v6-m/nofp/crtbegin.o
 .text          0x0000000008000108      0x114 /home/raffael/STM/STMCubeIDE/plugins/com.st.stm32cube.ide.mcu.externaltools.gnu-tools-for-stm32.11.3.rel1.linux64_1.1.0.202305231506/tools/bin/../lib/gcc/arm-none-eabi/11.3.1/thumb/v6-m/nofp/libgcc.a(_udivsi3.o)
                0x0000000008000108                __udivsi3
                0x0000000008000108                __aeabi_uidiv
                0x0000000008000214                __aeabi_uidivmod
 .text          0x000000000800021c        0x4 /home/raffael/STM/STMCubeIDE/plugins/com.st.stm32cube.ide.mcu.externaltools.gnu-tools-for-stm32.11.3.rel1.linux64_1.1.0.202305231506/tools/bin/../lib/gcc/arm-none-eabi/11.3.1/thumb/v6-m/nofp/libgcc.a(_dvmd_tls.o)
                0x000000000800021c                __aeabi_ldiv0
                0x000000000800021c                __aeabi_idiv0
 *(.text*)
 .text.vListInitialise
                0x0000000008000220       0x3c ./FreeRTOS/list.o
                0x0000000008000220                vListInitialise
 .text.vListInitialiseItem
                0x000000000800025c       0x16 ./FreeRTOS/list.o
                0x000000000800025c                vListInitialiseItem
 .text.vListInsertEnd
                0x0000000008000272       0x44 ./FreeRTOS/list.o
                0x0000000008000272                vListInsertEnd
 .text.vListInsert
                0x00000000080002b6       0x6c ./FreeRTOS/list.o
                0x00000000080002b6                vListInsert
 .text.uxListRemove
                0x0000000008000322       0x50 ./FreeRTOS/list.o
                0x0000000008000322                uxListRemove
 .text.xQueueGenericReset
                0x0000000008000372       0xa0 ./FreeRTOS/queue.o
                0x0000000008000372                xQueueGenericReset
 *fill*         0x0000000008000412        0x2 
 .text.xQueueGenericCreate
                0x0000000008000414       0xc8 ./FreeRTOS/queue.o
                0x0000000008000414                xQueueGenericCreate
 .text.prvInitialiseNewQueue
                0x00000000080004dc      0x148 ./FreeRTOS/queue.o
 .text.prvInitialiseMutex
                0x0000000008000624       0x34 ./FreeRTOS/queue.o
 .text.xQueueCreateMutex
                0x0000000008000658       0x38 ./FreeRTOS/queue.o
                0x0000000008000658                xQueueCreateMutex
 .text.xQueueGenericSend
                0x0000000008000690      0x3b0 ./FreeRTOS/queue.o
                0x0000000008000690                xQueueGenericSend
 .text.xQueueGenericSendFromISR
                0x0000000008000a40      0x1f0 ./FreeRTOS/queue.o
                0x0000000008000a40                xQueueGenericSendFromISR
 .text.xQueueGiveFromISR
                0x0000000008000c30       0x20 ./FreeRTOS/queue.o
                0x0000000008000c30                xQueueGiveFromISR
 .text.MyWrapper_xQueueGiveFromISR
                0x0000000008000c50      0x1d4 ./FreeRTOS/queue.o
                0x0000000008000c50                MyWrapper_xQueueGiveFromISR
 .text.xQueueReceive
                0x0000000008000e24      0x3cc ./FreeRTOS/queue.o
                0x0000000008000e24                xQueueReceive
 .text.xQueueSemaphoreTake
                0x00000000080011f0      0x420 ./FreeRTOS/queue.o
                0x00000000080011f0                xQueueSemaphoreTake
 .text.uxQueueGetQueueNumber
                0x0000000008001610       0x14 ./FreeRTOS/queue.o
                0x0000000008001610                uxQueueGetQueueNumber
 .text.vQueueSetQueueNumber
                0x0000000008001624       0x18 ./FreeRTOS/queue.o
                0x0000000008001624                vQueueSetQueueNumber
 .text.ucQueueGetQueueType
                0x000000000800163c       0x16 ./FreeRTOS/queue.o
                0x000000000800163c                ucQueueGetQueueType
 .text.prvGetDisinheritPriorityAfterTimeout
                0x0000000008001652       0x2c ./FreeRTOS/queue.o
 .text.prvCopyDataToQueue
                0x000000000800167e       0xd6 ./FreeRTOS/queue.o
 .text.prvCopyDataFromQueue
                0x0000000008001754       0x4c ./FreeRTOS/queue.o
 .text.prvUnlockQueue
                0x00000000080017a0       0xbc ./FreeRTOS/queue.o
 .text.prvIsQueueEmpty
                0x000000000800185c       0x2c ./FreeRTOS/queue.o
 .text.prvIsQueueFull
                0x0000000008001888       0x30 ./FreeRTOS/queue.o
 .text.vQueueWaitForMessageRestricted
                0x00000000080018b8       0x66 ./FreeRTOS/queue.o
                0x00000000080018b8                vQueueWaitForMessageRestricted
 .text.xTaskCreate
                0x000000000800191e       0x90 ./FreeRTOS/tasks.o
                0x000000000800191e                xTaskCreate
 *fill*         0x00000000080019ae        0x2 
 .text.prvInitialiseNewTask
                0x00000000080019b0      0x120 ./FreeRTOS/tasks.o
 .text.prvAddNewTaskToReadyList
                0x0000000008001ad0      0x198 ./FreeRTOS/tasks.o
 .text.vTaskDelay
                0x0000000008001c68       0xbc ./FreeRTOS/tasks.o
                0x0000000008001c68                vTaskDelay
 .text.vTaskStartScheduler
                0x0000000008001d24       0xc8 ./FreeRTOS/tasks.o
                0x0000000008001d24                vTaskStartScheduler
 .text.vTaskSuspendAll
                0x0000000008001dec       0x18 ./FreeRTOS/tasks.o
                0x0000000008001dec                vTaskSuspendAll
 .text.xTaskResumeAll
                0x0000000008001e04      0x138 ./FreeRTOS/tasks.o
                0x0000000008001e04                xTaskResumeAll
 .text.xTaskGetTickCount
                0x0000000008001f3c       0x1c ./FreeRTOS/tasks.o
                0x0000000008001f3c                xTaskGetTickCount
 .text.xTaskIncrementTick
                0x0000000008001f58      0x174 ./FreeRTOS/tasks.o
                0x0000000008001f58                xTaskIncrementTick
 .text.vTaskSwitchContext
                0x00000000080020cc       0xe8 ./FreeRTOS/tasks.o
                0x00000000080020cc                vTaskSwitchContext
 .text.vTaskPlaceOnEventList
                0x00000000080021b4       0x3c ./FreeRTOS/tasks.o
                0x00000000080021b4                vTaskPlaceOnEventList
 .text.vTaskPlaceOnEventListRestricted
                0x00000000080021f0       0xc4 ./FreeRTOS/tasks.o
                0x00000000080021f0                vTaskPlaceOnEventListRestricted
 .text.xTaskRemoveFromEventList
                0x00000000080022b4       0xe8 ./FreeRTOS/tasks.o
                0x00000000080022b4                xTaskRemoveFromEventList
 .text.vTaskInternalSetTimeOutState
                0x000000000800239c       0x28 ./FreeRTOS/tasks.o
                0x000000000800239c                vTaskInternalSetTimeOutState
 .text.xTaskCheckForTimeOut
                0x00000000080023c4       0xa8 ./FreeRTOS/tasks.o
                0x00000000080023c4                xTaskCheckForTimeOut
 .text.vTaskMissedYield
                0x000000000800246c       0x14 ./FreeRTOS/tasks.o
                0x000000000800246c                vTaskMissedYield
 .text.uxTaskGetTaskNumber
                0x0000000008002480       0x28 ./FreeRTOS/tasks.o
                0x0000000008002480                uxTaskGetTaskNumber
 .text.vTaskSetTaskNumber
                0x00000000080024a8       0x22 ./FreeRTOS/tasks.o
                0x00000000080024a8                vTaskSetTaskNumber
 .text.prvIdleTask
                0x00000000080024ca       0x12 ./FreeRTOS/tasks.o
 .text.prvInitialiseTaskLists
                0x00000000080024dc       0x88 ./FreeRTOS/tasks.o
 .text.prvCheckTasksWaitingTermination
                0x0000000008002564       0x5c ./FreeRTOS/tasks.o
 .text.prvDeleteTCB
                0x00000000080025c0       0x22 ./FreeRTOS/tasks.o
 *fill*         0x00000000080025e2        0x2 
 .text.prvResetNextTaskUnblockTime
                0x00000000080025e4       0x34 ./FreeRTOS/tasks.o
 .text.xTaskGetCurrentTaskHandle
                0x0000000008002618       0x1c ./FreeRTOS/tasks.o
                0x0000000008002618                xTaskGetCurrentTaskHandle
 .text.xTaskGetSchedulerState
                0x0000000008002634       0x38 ./FreeRTOS/tasks.o
                0x0000000008002634                xTaskGetSchedulerState
 .text.xTaskPriorityInherit
                0x000000000800266c      0x164 ./FreeRTOS/tasks.o
                0x000000000800266c                xTaskPriorityInherit
 .text.xTaskPriorityDisinherit
                0x00000000080027d0      0x148 ./FreeRTOS/tasks.o
                0x00000000080027d0                xTaskPriorityDisinherit
 .text.vTaskPriorityDisinheritAfterTimeout
                0x0000000008002918      0x170 ./FreeRTOS/tasks.o
                0x0000000008002918                vTaskPriorityDisinheritAfterTimeout
 .text.pvTaskIncrementMutexHeldCount
                0x0000000008002a88       0x24 ./FreeRTOS/tasks.o
                0x0000000008002a88                pvTaskIncrementMutexHeldCount
 .text.prvAddCurrentTaskToDelayedList
                0x0000000008002aac       0xa8 ./FreeRTOS/tasks.o
 .text.xTimerCreateTimerTask
                0x0000000008002b54       0x54 ./FreeRTOS/timers.o
                0x0000000008002b54                xTimerCreateTimerTask
 .text.xTimerGenericCommand
                0x0000000008002ba8       0x94 ./FreeRTOS/timers.o
                0x0000000008002ba8                xTimerGenericCommand
 .text.prvProcessExpiredTimer
                0x0000000008002c3c       0x88 ./FreeRTOS/timers.o
 .text.prvTimerTask
                0x0000000008002cc4       0x28 ./FreeRTOS/timers.o
 .text.prvProcessTimerOrBlockTask
                0x0000000008002cec       0x90 ./FreeRTOS/timers.o
 .text.prvGetNextExpireTime
                0x0000000008002d7c       0x44 ./FreeRTOS/timers.o
 .text.prvSampleTimeNow
                0x0000000008002dc0       0x40 ./FreeRTOS/timers.o
 .text.prvInsertTimerInActiveList
                0x0000000008002e00       0x84 ./FreeRTOS/timers.o
 .text.prvProcessReceivedCommands
                0x0000000008002e84      0x160 ./FreeRTOS/timers.o
 .text.prvSwitchTimerLists
                0x0000000008002fe4       0xbc ./FreeRTOS/timers.o
 .text.prvCheckForValidListAndQueue
                0x00000000080030a0       0x5c ./FreeRTOS/timers.o
 .text.pxPortInitialiseStack
                0x00000000080030fc       0x54 ./FreeRTOS/portable/GCC/ARM_CM0/port.o
                0x00000000080030fc                pxPortInitialiseStack
 .text.prvTaskExitError
                0x0000000008003150       0x30 ./FreeRTOS/portable/GCC/ARM_CM0/port.o
 .text.SVC_Handler
                0x0000000008003180        0xa ./FreeRTOS/portable/GCC/ARM_CM0/port.o
                0x0000000008003180                SVC_Handler
 *fill*         0x000000000800318a        0x6 
 .text.vPortStartFirstTask
                0x0000000008003190       0x38 ./FreeRTOS/portable/GCC/ARM_CM0/port.o
 .text.xPortStartScheduler
                0x00000000080031c8       0x48 ./FreeRTOS/portable/GCC/ARM_CM0/port.o
                0x00000000080031c8                xPortStartScheduler
 .text.vPortYield
                0x0000000008003210       0x20 ./FreeRTOS/portable/GCC/ARM_CM0/port.o
                0x0000000008003210                vPortYield
 .text.vPortEnterCritical
                0x0000000008003230       0x24 ./FreeRTOS/portable/GCC/ARM_CM0/port.o
                0x0000000008003230                vPortEnterCritical
 .text.vPortExitCritical
                0x0000000008003254       0x30 ./FreeRTOS/portable/GCC/ARM_CM0/port.o
                0x0000000008003254                vPortExitCritical
 .text.ulSetInterruptMaskFromISR
                0x0000000008003284        0xc ./FreeRTOS/portable/GCC/ARM_CM0/port.o
                0x0000000008003284                ulSetInterruptMaskFromISR
 .text.vClearInterruptMaskFromISR
                0x0000000008003290        0x8 ./FreeRTOS/portable/GCC/ARM_CM0/port.o
                0x0000000008003290                vClearInterruptMaskFromISR
 *fill*         0x0000000008003298        0x8 
 .text.PendSV_Handler
                0x00000000080032a0       0x48 ./FreeRTOS/portable/GCC/ARM_CM0/port.o
                0x00000000080032a0                PendSV_Handler
 .text.SysTick_Handler
                0x00000000080032e8       0x34 ./FreeRTOS/portable/GCC/ARM_CM0/port.o
                0x00000000080032e8                SysTick_Handler
 .text.vPortSetupTimerInterrupt
                0x000000000800331c       0x34 ./FreeRTOS/portable/GCC/ARM_CM0/port.o
                0x000000000800331c                vPortSetupTimerInterrupt
 .text.pvPortMalloc
                0x0000000008003350       0xc4 ./FreeRTOS/portable/MemMang/heap_1.o
                0x0000000008003350                pvPortMalloc
 .text.vPortFree
                0x0000000008003414       0x1a ./FreeRTOS/portable/MemMang/heap_1.o
                0x0000000008003414                vPortFree
 .text.prvTraceGetQueueNumber
                0x000000000800342e       0x1a ./TraceRecorder/trcKernelPort.o
                0x000000000800342e                prvTraceGetQueueNumber
 .text.prvTraceGetQueueType
                0x0000000008003448       0x1a ./TraceRecorder/trcKernelPort.o
                0x0000000008003448                prvTraceGetQueueType
 .text.prvTraceGetTaskNumberLow16
                0x0000000008003462       0x1c ./TraceRecorder/trcKernelPort.o
                0x0000000008003462                prvTraceGetTaskNumberLow16
 .text.prvTraceGetTaskNumberHigh16
                0x000000000800347e       0x1e ./TraceRecorder/trcKernelPort.o
                0x000000000800347e                prvTraceGetTaskNumberHigh16
 .text.prvTraceSetTaskNumberLow16
                0x000000000800349c       0x34 ./TraceRecorder/trcKernelPort.o
                0x000000000800349c                prvTraceSetTaskNumberLow16
 .text.prvTraceSetTaskNumberHigh16
                0x00000000080034d0       0x36 ./TraceRecorder/trcKernelPort.o
                0x00000000080034d0                prvTraceSetTaskNumberHigh16
 .text.prvTraceGetQueueNumberLow16
                0x0000000008003506       0x1c ./TraceRecorder/trcKernelPort.o
                0x0000000008003506                prvTraceGetQueueNumberLow16
 .text.prvTraceGetQueueNumberHigh16
                0x0000000008003522       0x1e ./TraceRecorder/trcKernelPort.o
                0x0000000008003522                prvTraceGetQueueNumberHigh16
 .text.prvTraceSetQueueNumberLow16
                0x0000000008003540       0x34 ./TraceRecorder/trcKernelPort.o
                0x0000000008003540                prvTraceSetQueueNumberLow16
 .text.prvTraceSetQueueNumberHigh16
                0x0000000008003574       0x36 ./TraceRecorder/trcKernelPort.o
                0x0000000008003574                prvTraceSetQueueNumberHigh16
 .text.vTraceSetQueueName
                0x00000000080035aa       0x28 ./TraceRecorder/trcKernelPort.o
                0x00000000080035aa                vTraceSetQueueName
 .text.prvTraceGetCurrentTaskHandle
                0x00000000080035d2       0x10 ./TraceRecorder/trcKernelPort.o
                0x00000000080035d2                prvTraceGetCurrentTaskHandle
 *fill*         0x00000000080035e2        0x2 
 .text.vTraceEnable
                0x00000000080035e4       0x4c ./TraceRecorder/trcKernelPort.o
                0x00000000080035e4                vTraceEnable
 .text.vTraceInitObjectPropertyTable
                0x0000000008003630      0x194 ./TraceRecorder/trcKernelPort.o
                0x0000000008003630                vTraceInitObjectPropertyTable
 .text.vTraceInitObjectHandleStack
                0x00000000080037c4      0x110 ./TraceRecorder/trcKernelPort.o
                0x00000000080037c4                vTraceInitObjectHandleStack
 .text.pszTraceGetErrorNotEnoughHandles
                0x00000000080038d4       0x78 ./TraceRecorder/trcKernelPort.o
                0x00000000080038d4                pszTraceGetErrorNotEnoughHandles
 .text.uiTraceStart
                0x000000000800394c       0xf8 ./TraceRecorder/trcSnapshotRecorder.o
                0x000000000800394c                uiTraceStart
 .text.vTraceStart
                0x0000000008003a44        0xe ./TraceRecorder/trcSnapshotRecorder.o
                0x0000000008003a44                vTraceStart
 *fill*         0x0000000008003a52        0x2 
 .text.vTraceStop
                0x0000000008003a54       0x30 ./TraceRecorder/trcSnapshotRecorder.o
                0x0000000008003a54                vTraceStop
 .text.prvTraceInitTimestamps
                0x0000000008003a84       0x1c ./TraceRecorder/trcSnapshotRecorder.o
                0x0000000008003a84                prvTraceInitTimestamps
 .text.vTraceInitialize
                0x0000000008003aa0      0x260 ./TraceRecorder/trcSnapshotRecorder.o
                0x0000000008003aa0                vTraceInitialize
 .text.prvTraceStoreTaskReady
                0x0000000008003d00       0xe8 ./TraceRecorder/trcSnapshotRecorder.o
                0x0000000008003d00                prvTraceStoreTaskReady
 .text.vTraceStoreMemMangEvent
                0x0000000008003de8      0x14c ./TraceRecorder/trcSnapshotRecorder.o
                0x0000000008003de8                vTraceStoreMemMangEvent
 .text.prvTraceStoreKernelCall
                0x0000000008003f34      0x120 ./TraceRecorder/trcSnapshotRecorder.o
                0x0000000008003f34                prvTraceStoreKernelCall
 .text.prvTraceStoreKernelCallWithParam
                0x0000000008004054      0x134 ./TraceRecorder/trcSnapshotRecorder.o
                0x0000000008004054                prvTraceStoreKernelCallWithParam
 .text.prvTraceGetParam
                0x0000000008004188       0x80 ./TraceRecorder/trcSnapshotRecorder.o
 .text.prvTraceStoreKernelCallWithNumericParamOnly
                0x0000000008004208       0xe8 ./TraceRecorder/trcSnapshotRecorder.o
                0x0000000008004208                prvTraceStoreKernelCallWithNumericParamOnly
 .text.prvTraceStoreTaskswitch
                0x00000000080042f0      0x104 ./TraceRecorder/trcSnapshotRecorder.o
                0x00000000080042f0                prvTraceStoreTaskswitch
 .text.prvTraceSetPriorityProperty
                0x00000000080043f4       0x9c ./TraceRecorder/trcSnapshotRecorder.o
                0x00000000080043f4                prvTraceSetPriorityProperty
 .text.prvTraceGetPriorityProperty
                0x0000000008004490       0x94 ./TraceRecorder/trcSnapshotRecorder.o
                0x0000000008004490                prvTraceGetPriorityProperty
 .text.prvTraceSetObjectState
                0x0000000008004524       0x9c ./TraceRecorder/trcSnapshotRecorder.o
                0x0000000008004524                prvTraceSetObjectState
 .text.prvTraceGetObjectState
                0x00000000080045c0       0x90 ./TraceRecorder/trcSnapshotRecorder.o
 .text.prvTraceSetTaskInstanceFinished
                0x0000000008004650       0x5c ./TraceRecorder/trcSnapshotRecorder.o
                0x0000000008004650                prvTraceSetTaskInstanceFinished
 .text.prvTraceNextFreeEventBufferSlot
                0x00000000080046ac       0x54 ./TraceRecorder/trcSnapshotRecorder.o
 .text.uiIndexOfObject
                0x0000000008004700       0xd4 ./TraceRecorder/trcSnapshotRecorder.o
                0x0000000008004700                uiIndexOfObject
 .text.prvTraceGetObjectHandle
                0x00000000080047d4      0x194 ./TraceRecorder/trcSnapshotRecorder.o
                0x00000000080047d4                prvTraceGetObjectHandle
 .text.prvMarkObjectAsUsed
                0x0000000008004968       0x48 ./TraceRecorder/trcSnapshotRecorder.o
                0x0000000008004968                prvMarkObjectAsUsed
 .text.prvStrncpy
                0x00000000080049b0       0x48 ./TraceRecorder/trcSnapshotRecorder.o
 .text.prvTraceSetObjectName
                0x00000000080049f8       0xd8 ./TraceRecorder/trcSnapshotRecorder.o
                0x00000000080049f8                prvTraceSetObjectName
 .text.prvTraceError
                0x0000000008004ad0       0x5c ./TraceRecorder/trcSnapshotRecorder.o
                0x0000000008004ad0                prvTraceError
 .text.prvTraceUpdateCounters
                0x0000000008004b2c       0x40 ./TraceRecorder/trcSnapshotRecorder.o
 .text.prvTraceGetDTS
                0x0000000008004b6c      0x1c8 ./TraceRecorder/trcSnapshotRecorder.o
 .text.prvTracePortGetTimeStamp
                0x0000000008004d34       0xe4 ./TraceRecorder/trcSnapshotRecorder.o
                0x0000000008004d34                prvTracePortGetTimeStamp
 .text.__NVIC_EnableIRQ
                0x0000000008004e18       0x34 ./app/src/main.o
 .text.__NVIC_SetPriority
                0x0000000008004e4c       0xdc ./app/src/main.o
 .text.main     0x0000000008004f28      0x108 ./app/src/main.o
                0x0000000008004f28                main
 .text.vTask1   0x0000000008005030       0x8c ./app/src/main.o
                0x0000000008005030                vTask1
 .text.vTask2   0x00000000080050bc       0x8c ./app/src/main.o
                0x00000000080050bc                vTask2
 .text.vTask_Write
                0x0000000008005148       0xe4 ./app/src/main.o
                0x0000000008005148                vTask_Write
 .text.SystemClock_Config
                0x000000000800522c      0x134 ./app/src/main.o
 .text.printchar
                0x0000000008005360       0x7c ./app/src/printf-stdarg.o
 .text.prints   0x00000000080053dc       0xb8 ./app/src/printf-stdarg.o
 .text.printi   0x0000000008005494       0xec ./app/src/printf-stdarg.o
 .text.print    0x0000000008005580      0x1c8 ./app/src/printf-stdarg.o
 .text.my_sprintf
                0x0000000008005748       0x2c ./app/src/printf-stdarg.o
                0x0000000008005748                my_sprintf
 .text.NMI_Handler
                0x0000000008005774        0xa ./app/src/stm32f0xx_it.o
                0x0000000008005774                NMI_Handler
 .text.HardFault_Handler
                0x000000000800577e        0x6 ./app/src/stm32f0xx_it.o
                0x000000000800577e                HardFault_Handler
 .text.DMA1_Channel4_5_6_7_IRQHandler
                0x0000000008005784       0x50 ./app/src/stm32f0xx_it.o
                0x0000000008005784                DMA1_Channel4_5_6_7_IRQHandler
 .text.BSP_LED_Init
                0x00000000080057d4       0x98 ./bsp/src/bsp.o
                0x00000000080057d4                BSP_LED_Init
 .text.BSP_PB_Init
                0x000000000800586c       0x44 ./bsp/src/bsp.o
                0x000000000800586c                BSP_PB_Init
 .text.BSP_Console_Init
                0x00000000080058b0      0x19c ./bsp/src/bsp.o
                0x00000000080058b0                BSP_Console_Init
 .text.BSP_NVIC_Init
                0x0000000008005a4c        0xa ./bsp/src/bsp.o
                0x0000000008005a4c                BSP_NVIC_Init
 *fill*         0x0000000008005a56        0x2 
 .text.Reset_Handler
                0x0000000008005a58       0x50 ./cmsis/device/src/startup_stm32f072xb.o
                0x0000000008005a58                Reset_Handler
 .text.Default_Handler
                0x0000000008005aa8        0x2 ./cmsis/device/src/startup_stm32f072xb.o
                0x0000000008005aa8                TIM1_CC_IRQHandler
                0x0000000008005aa8                TSC_IRQHandler
                0x0000000008005aa8                ADC1_COMP_IRQHandler
                0x0000000008005aa8                I2C1_IRQHandler
                0x0000000008005aa8                RCC_CRS_IRQHandler
                0x0000000008005aa8                SPI1_IRQHandler
                0x0000000008005aa8                TIM6_DAC_IRQHandler
                0x0000000008005aa8                USART3_4_IRQHandler
                0x0000000008005aa8                EXTI2_3_IRQHandler
                0x0000000008005aa8                I2C2_IRQHandler
                0x0000000008005aa8                TIM17_IRQHandler
                0x0000000008005aa8                CEC_CAN_IRQHandler
                0x0000000008005aa8                RTC_IRQHandler
                0x0000000008005aa8                PVD_VDDIO2_IRQHandler
                0x0000000008005aa8                TIM16_IRQHandler
                0x0000000008005aa8                TIM3_IRQHandler
                0x0000000008005aa8                EXTI4_15_IRQHandler
                0x0000000008005aa8                DMA1_Channel1_IRQHandler
                0x0000000008005aa8                Default_Handler
                0x0000000008005aa8                TIM14_IRQHandler
                0x0000000008005aa8                TIM7_IRQHandler
                0x0000000008005aa8                TIM15_IRQHandler
                0x0000000008005aa8                EXTI0_1_IRQHandler
                0x0000000008005aa8                USB_IRQHandler
                0x0000000008005aa8                SPI2_IRQHandler
                0x0000000008005aa8                WWDG_IRQHandler
                0x0000000008005aa8                TIM2_IRQHandler
                0x0000000008005aa8                DMA1_Channel2_3_IRQHandler
                0x0000000008005aa8                USART2_IRQHandler
                0x0000000008005aa8                FLASH_IRQHandler
                0x0000000008005aa8                USART1_IRQHandler
                0x0000000008005aa8                TIM1_BRK_UP_TRG_COM_IRQHandler
 .text.SystemInit
                0x0000000008005aaa        0xa ./cmsis/device/src/system_stm32f0xx.o
                0x0000000008005aaa                SystemInit
 .text.SystemCoreClockUpdate
                0x0000000008005ab4      0x10c ./cmsis/device/src/system_stm32f0xx.o
                0x0000000008005ab4                SystemCoreClockUpdate
 .text.memset   0x0000000008005bc0       0x10 /home/raffael/STM/STMCubeIDE/plugins/com.st.stm32cube.ide.mcu.externaltools.gnu-tools-for-stm32.11.3.rel1.linux64_1.1.0.202305231506/tools/bin/../lib/gcc/arm-none-eabi/11.3.1/../../../../arm-none-eabi/lib/thumb/v6-m/nofp/libc_nano.a(libc_a-memset.o)
                0x0000000008005bc0                memset
 .text.__libc_init_array
                0x0000000008005bd0       0x48 /home/raffael/STM/STMCubeIDE/plugins/com.st.stm32cube.ide.mcu.externaltools.gnu-tools-for-stm32.11.3.rel1.linux64_1.1.0.202305231506/tools/bin/../lib/gcc/arm-none-eabi/11.3.1/../../../../arm-none-eabi/lib/thumb/v6-m/nofp/libc_nano.a(libc_a-init.o)
                0x0000000008005bd0                __libc_init_array
 .text.memcpy   0x0000000008005c18       0x12 /home/raffael/STM/STMCubeIDE/plugins/com.st.stm32cube.ide.mcu.externaltools.gnu-tools-for-stm32.11.3.rel1.linux64_1.1.0.202305231506/tools/bin/../lib/gcc/arm-none-eabi/11.3.1/../../../../arm-none-eabi/lib/thumb/v6-m/nofp/libc_nano.a(libc_a-memcpy-stub.o)
                0x0000000008005c18                memcpy
 *(.glue_7)
 .glue_7        0x0000000008005c2a        0x0 linker stubs
 *(.glue_7t)
 .glue_7t       0x0000000008005c2a        0x0 linker stubs
 *(.eh_frame)
 *fill*         0x0000000008005c2a        0x2 
 .eh_frame      0x0000000008005c2c        0x0 /home/raffael/STM/STMCubeIDE/plugins/com.st.stm32cube.ide.mcu.externaltools.gnu-tools-for-stm32.11.3.rel1.linux64_1.1.0.202305231506/tools/bin/../lib/gcc/arm-none-eabi/11.3.1/thumb/v6-m/nofp/crtbegin.o
 *(.init)
 .init          0x0000000008005c2c        0x4 /home/raffael/STM/STMCubeIDE/plugins/com.st.stm32cube.ide.mcu.externaltools.gnu-tools-for-stm32.11.3.rel1.linux64_1.1.0.202305231506/tools/bin/../lib/gcc/arm-none-eabi/11.3.1/thumb/v6-m/nofp/crti.o
                0x0000000008005c2c                _init
 .init          0x0000000008005c30        0x8 /home/raffael/STM/STMCubeIDE/plugins/com.st.stm32cube.ide.mcu.externaltools.gnu-tools-for-stm32.11.3.rel1.linux64_1.1.0.202305231506/tools/bin/../lib/gcc/arm-none-eabi/11.3.1/thumb/v6-m/nofp/crtn.o
 *(.fini)
 .fini          0x0000000008005c38        0x4 /home/raffael/STM/STMCubeIDE/plugins/com.st.stm32cube.ide.mcu.externaltools.gnu-tools-for-stm32.11.3.rel1.linux64_1.1.0.202305231506/tools/bin/../lib/gcc/arm-none-eabi/11.3.1/thumb/v6-m/nofp/crti.o
                0x0000000008005c38                _fini
 .fini          0x0000000008005c3c        0x8 /home/raffael/STM/STMCubeIDE/plugins/com.st.stm32cube.ide.mcu.externaltools.gnu-tools-for-stm32.11.3.rel1.linux64_1.1.0.202305231506/tools/bin/../lib/gcc/arm-none-eabi/11.3.1/thumb/v6-m/nofp/crtn.o
                0x0000000008005c44                . = ALIGN (0x4)
                0x0000000008005c44                _etext = .

.vfp11_veneer   0x0000000008005c44        0x0
 .vfp11_veneer  0x0000000008005c44        0x0 linker stubs

.v4_bx          0x0000000008005c44        0x0
 .v4_bx         0x0000000008005c44        0x0 linker stubs

.iplt           0x0000000008005c44        0x0
 .iplt          0x0000000008005c44        0x0 /home/raffael/STM/STMCubeIDE/plugins/com.st.stm32cube.ide.mcu.externaltools.gnu-tools-for-stm32.11.3.rel1.linux64_1.1.0.202305231506/tools/bin/../lib/gcc/arm-none-eabi/11.3.1/thumb/v6-m/nofp/crtbegin.o

.rodata         0x0000000008005c44     0x1484
                0x0000000008005c44                . = ALIGN (0x4)
 *(.rodata)
 .rodata        0x0000000008005c44        0x5 ./FreeRTOS/tasks.o
 *fill*         0x0000000008005c49        0x3 
 .rodata        0x0000000008005c4c        0x8 ./FreeRTOS/timers.o
 .rodata        0x0000000008005c54      0x372 ./TraceRecorder/trcKernelPort.o
 *fill*         0x0000000008005fc6        0x2 
 .rodata        0x0000000008005fc8     0x1023 ./TraceRecorder/trcSnapshotRecorder.o
 *fill*         0x0000000008006feb        0x1 
 .rodata        0x0000000008006fec       0x75 ./app/src/main.o
 *fill*         0x0000000008007061        0x3 
 .rodata        0x0000000008007064        0x7 ./app/src/printf-stdarg.o
 *(.rodata*)
 *fill*         0x000000000800706b        0x1 
 .rodata.prvProcessReceivedCommands
                0x000000000800706c       0x28 ./FreeRTOS/timers.o
 .rodata.pszTraceGetErrorNotEnoughHandles
                0x0000000008007094       0x24 ./TraceRecorder/trcKernelPort.o
 .rodata.AHBPrescTable
                0x00000000080070b8       0x10 ./cmsis/device/src/system_stm32f0xx.o
                0x00000000080070b8                AHBPrescTable
                0x00000000080070c8                . = ALIGN (0x4)

.rel.dyn        0x00000000080070c8        0x0
 .rel.iplt      0x00000000080070c8        0x0 /home/raffael/STM/STMCubeIDE/plugins/com.st.stm32cube.ide.mcu.externaltools.gnu-tools-for-stm32.11.3.rel1.linux64_1.1.0.202305231506/tools/bin/../lib/gcc/arm-none-eabi/11.3.1/thumb/v6-m/nofp/crtbegin.o

.ARM.extab
 *(.ARM.extab* .gnu.linkonce.armextab.*)

.ARM            0x00000000080070c8        0x0
                0x00000000080070c8                __exidx_start = .
 *(.ARM.exidx*)
                0x00000000080070c8                __exidx_end = .

.preinit_array  0x00000000080070c8        0x0
                0x00000000080070c8                PROVIDE (__preinit_array_start = .)
 *(.preinit_array*)
                0x00000000080070c8                PROVIDE (__preinit_array_end = .)

.init_array     0x00000000080070c8        0x4
                0x00000000080070c8                PROVIDE (__init_array_start = .)
 *(SORT_BY_NAME(.init_array.*))
 *(.init_array*)
 .init_array    0x00000000080070c8        0x4 /home/raffael/STM/STMCubeIDE/plugins/com.st.stm32cube.ide.mcu.externaltools.gnu-tools-for-stm32.11.3.rel1.linux64_1.1.0.202305231506/tools/bin/../lib/gcc/arm-none-eabi/11.3.1/thumb/v6-m/nofp/crtbegin.o
                0x00000000080070cc                PROVIDE (__init_array_end = .)

.fini_array     0x00000000080070cc        0x4
                [!provide]                        PROVIDE (__fini_array_start = .)
 *(SORT_BY_NAME(.fini_array.*))
 *(.fini_array*)
 .fini_array    0x00000000080070cc        0x4 /home/raffael/STM/STMCubeIDE/plugins/com.st.stm32cube.ide.mcu.externaltools.gnu-tools-for-stm32.11.3.rel1.linux64_1.1.0.202305231506/tools/bin/../lib/gcc/arm-none-eabi/11.3.1/thumb/v6-m/nofp/crtbegin.o
                [!provide]                        PROVIDE (__fini_array_end = .)
                0x00000000080070d0                _sidata = LOADADDR (.data)

.data           0x0000000020000000       0x18 load address 0x00000000080070d0
                0x0000000020000000                . = ALIGN (0x4)
                0x0000000020000000                _sdata = .
 *(.data)
 *(.data*)
 .data.uxTopUsedPriority
                0x0000000020000000        0x4 ./FreeRTOS/tasks.o
                0x0000000020000000                uxTopUsedPriority
 .data.uxCriticalNesting
                0x0000000020000004        0x4 ./FreeRTOS/portable/GCC/ARM_CM0/port.o
 .data.TraceQueueClassTable
                0x0000000020000008        0x5 ./TraceRecorder/trcKernelPort.o
                0x0000000020000008                TraceQueueClassTable
 *fill*         0x000000002000000d        0x3 
 .data.readyEventsEnabled
                0x0000000020000010        0x4 ./TraceRecorder/trcSnapshotRecorder.o
 .data.SystemCoreClock
                0x0000000020000014        0x4 ./cmsis/device/src/system_stm32f0xx.o
                0x0000000020000014                SystemCoreClock
                0x0000000020000018                . = ALIGN (0x4)
                0x0000000020000018                _edata = .

.igot.plt       0x0000000020000018        0x0 load address 0x00000000080070e8
 .igot.plt      0x0000000020000018        0x0 /home/raffael/STM/STMCubeIDE/plugins/com.st.stm32cube.ide.mcu.externaltools.gnu-tools-for-stm32.11.3.rel1.linux64_1.1.0.202305231506/tools/bin/../lib/gcc/arm-none-eabi/11.3.1/thumb/v6-m/nofp/crtbegin.o
                0x0000000020000018                . = ALIGN (0x4)

.bss            0x0000000020000018     0x34e8 load address 0x00000000080070e8
                0x0000000020000018                _sbss = .
                0x0000000020000018                __bss_start__ = _sbss
 *(.bss)
 .bss           0x0000000020000018       0x1c /home/raffael/STM/STMCubeIDE/plugins/com.st.stm32cube.ide.mcu.externaltools.gnu-tools-for-stm32.11.3.rel1.linux64_1.1.0.202305231506/tools/bin/../lib/gcc/arm-none-eabi/11.3.1/thumb/v6-m/nofp/crtbegin.o
 *(.bss*)
 .bss.pxCurrentTCB
                0x0000000020000034        0x4 ./FreeRTOS/tasks.o
                0x0000000020000034                pxCurrentTCB
 .bss.pxReadyTasksLists
                0x0000000020000038       0x64 ./FreeRTOS/tasks.o
 .bss.xDelayedTaskList1
                0x000000002000009c       0x14 ./FreeRTOS/tasks.o
 .bss.xDelayedTaskList2
                0x00000000200000b0       0x14 ./FreeRTOS/tasks.o
 .bss.pxDelayedTaskList
                0x00000000200000c4        0x4 ./FreeRTOS/tasks.o
 .bss.pxOverflowDelayedTaskList
                0x00000000200000c8        0x4 ./FreeRTOS/tasks.o
 .bss.xPendingReadyList
                0x00000000200000cc       0x14 ./FreeRTOS/tasks.o
 .bss.xTasksWaitingTermination
                0x00000000200000e0       0x14 ./FreeRTOS/tasks.o
 .bss.uxDeletedTasksWaitingCleanUp
                0x00000000200000f4        0x4 ./FreeRTOS/tasks.o
 .bss.xSuspendedTaskList
                0x00000000200000f8       0x14 ./FreeRTOS/tasks.o
 .bss.uxCurrentNumberOfTasks
                0x000000002000010c        0x4 ./FreeRTOS/tasks.o
 .bss.xTickCount
                0x0000000020000110        0x4 ./FreeRTOS/tasks.o
 .bss.uxTopReadyPriority
                0x0000000020000114        0x4 ./FreeRTOS/tasks.o
 .bss.xSchedulerRunning
                0x0000000020000118        0x4 ./FreeRTOS/tasks.o
 .bss.xPendedTicks
                0x000000002000011c        0x4 ./FreeRTOS/tasks.o
 .bss.xYieldPending
                0x0000000020000120        0x4 ./FreeRTOS/tasks.o
 .bss.xNumOfOverflows
                0x0000000020000124        0x4 ./FreeRTOS/tasks.o
 .bss.uxTaskNumber
                0x0000000020000128        0x4 ./FreeRTOS/tasks.o
 .bss.xNextTaskUnblockTime
                0x000000002000012c        0x4 ./FreeRTOS/tasks.o
 .bss.xIdleTaskHandle
                0x0000000020000130        0x4 ./FreeRTOS/tasks.o
 .bss.uxSchedulerSuspended
                0x0000000020000134        0x4 ./FreeRTOS/tasks.o
 .bss.xActiveTimerList1
                0x0000000020000138       0x14 ./FreeRTOS/timers.o
 .bss.xActiveTimerList2
                0x000000002000014c       0x14 ./FreeRTOS/timers.o
 .bss.pxCurrentTimerList
                0x0000000020000160        0x4 ./FreeRTOS/timers.o
 .bss.pxOverflowTimerList
                0x0000000020000164        0x4 ./FreeRTOS/timers.o
 .bss.xTimerQueue
                0x0000000020000168        0x4 ./FreeRTOS/timers.o
 .bss.xTimerTaskHandle
                0x000000002000016c        0x4 ./FreeRTOS/timers.o
 .bss.xLastTime.0
                0x0000000020000170        0x4 ./FreeRTOS/timers.o
 .bss.ucHeap    0x0000000020000174     0x1c00 ./FreeRTOS/portable/MemMang/heap_1.o
 .bss.xNextFreeByte
                0x0000000020001d74        0x4 ./FreeRTOS/portable/MemMang/heap_1.o
 .bss.pucAlignedHeap.0
                0x0000000020001d78        0x4 ./FreeRTOS/portable/MemMang/heap_1.o
 .bss.isPendingContextSwitch
                0x0000000020001d7c        0x4 ./TraceRecorder/trcSnapshotRecorder.o
                0x0000000020001d7c                isPendingContextSwitch
 .bss.uiTraceTickCount
                0x0000000020001d80        0x4 ./TraceRecorder/trcSnapshotRecorder.o
                0x0000000020001d80                uiTraceTickCount
 .bss.trace_disable_timestamp
                0x0000000020001d84        0x4 ./TraceRecorder/trcSnapshotRecorder.o
                0x0000000020001d84                trace_disable_timestamp
 .bss.last_timestamp
                0x0000000020001d88        0x4 ./TraceRecorder/trcSnapshotRecorder.o
 .bss.uiTraceSystemState
                0x0000000020001d8c        0x4 ./TraceRecorder/trcSnapshotRecorder.o
                0x0000000020001d8c                uiTraceSystemState
 .bss.recorder_busy
                0x0000000020001d90        0x4 ./TraceRecorder/trcSnapshotRecorder.o
                0x0000000020001d90                recorder_busy
 .bss.timestampFrequency
                0x0000000020001d94        0x4 ./TraceRecorder/trcSnapshotRecorder.o
                0x0000000020001d94                timestampFrequency
 .bss.handle_of_last_logged_task
                0x0000000020001d98        0x1 ./TraceRecorder/trcSnapshotRecorder.o
                0x0000000020001d98                handle_of_last_logged_task
 *fill*         0x0000000020001d99        0x3 
 .bss.vTraceStopHookPtr
                0x0000000020001d9c        0x4 ./TraceRecorder/trcSnapshotRecorder.o
                0x0000000020001d9c                vTraceStopHookPtr
 .bss.init_hwtc_count
                0x0000000020001da0        0x4 ./TraceRecorder/trcSnapshotRecorder.o
                0x0000000020001da0                init_hwtc_count
 .bss.CurrentFilterMask
                0x0000000020001da4        0x2 ./TraceRecorder/trcSnapshotRecorder.o
                0x0000000020001da4                CurrentFilterMask
 .bss.CurrentFilterGroup
                0x0000000020001da6        0x2 ./TraceRecorder/trcSnapshotRecorder.o
                0x0000000020001da6                CurrentFilterGroup
 .bss.objectHandleStacks
                0x0000000020001da8       0x68 ./TraceRecorder/trcSnapshotRecorder.o
                0x0000000020001da8                objectHandleStacks
 .bss.traceErrorMessage
                0x0000000020001e10        0x4 ./TraceRecorder/trcSnapshotRecorder.o
                0x0000000020001e10                traceErrorMessage
 .bss.RecorderData
                0x0000000020001e14     0x1674 ./TraceRecorder/trcSnapshotRecorder.o
                0x0000000020001e14                RecorderData
 .bss.RecorderDataPtr
                0x0000000020003488        0x4 ./TraceRecorder/trcSnapshotRecorder.o
                0x0000000020003488                RecorderDataPtr
 .bss.RecorderInitialized
                0x000000002000348c        0x4 ./TraceRecorder/trcSnapshotRecorder.o
                0x000000002000348c                RecorderInitialized
 .bss.indexOfHandle.4
                0x0000000020003490        0x4 ./TraceRecorder/trcSnapshotRecorder.o
 .bss.idx.3     0x0000000020003494        0x2 ./TraceRecorder/trcSnapshotRecorder.o
 *fill*         0x0000000020003496        0x2 
 .bss.old_timestamp.2
                0x0000000020003498        0x4 ./TraceRecorder/trcSnapshotRecorder.o
 .bss.last_traceTickCount.1
                0x000000002000349c        0x4 ./TraceRecorder/trcSnapshotRecorder.o
 .bss.last_hwtc_count.0
                0x00000000200034a0        0x4 ./TraceRecorder/trcSnapshotRecorder.o
 .bss.xSem1     0x00000000200034a4        0x4 ./app/src/main.o
                0x00000000200034a4                xSem1
 .bss.xSem2     0x00000000200034a8        0x4 ./app/src/main.o
                0x00000000200034a8                xSem2
 .bss.xTask_Pere
                0x00000000200034ac        0x4 ./app/src/main.o
                0x00000000200034ac                xTask_Pere
 .bss.xSem_DMA_TC
                0x00000000200034b0        0x4 ./app/src/main.o
                0x00000000200034b0                xSem_DMA_TC
 .bss.xConsoleQueue
                0x00000000200034b4        0x4 ./app/src/main.o
                0x00000000200034b4                xConsoleQueue
 .bss.xPublishQueue
                0x00000000200034b8        0x4 ./app/src/main.o
                0x00000000200034b8                xPublishQueue
 .bss.count     0x00000000200034bc        0x4 ./app/src/main.o
                0x00000000200034bc                count
 .bss.rx_dma_buffer
                0x00000000200034c0        0x8 ./app/src/main.o
                0x00000000200034c0                rx_dma_buffer
 .bss.tx_dma_buffer
                0x00000000200034c8       0x32 ./app/src/main.o
                0x00000000200034c8                tx_dma_buffer
 *fill*         0x00000000200034fa        0x2 
 .bss.xSem_UART_TC
                0x00000000200034fc        0x4 ./app/src/printf-stdarg.o
                0x00000000200034fc                xSem_UART_TC
 *(COMMON)
                0x0000000020003500                . = ALIGN (0x4)
                0x0000000020003500                _ebss = .
                0x0000000020003500                __bss_end__ = _ebss

._user_heap_stack
                0x0000000020003500      0x600 load address 0x00000000080070e8
                0x0000000020003500                . = ALIGN (0x8)
                0x0000000020003500                PROVIDE (end = .)
                [!provide]                        PROVIDE (_end = .)
                0x0000000020003700                . = (. + _Min_Heap_Size)
 *fill*         0x0000000020003500      0x200 
                0x0000000020003b00                . = (. + _Min_Stack_Size)
 *fill*         0x0000000020003700      0x400 
                0x0000000020003b00                . = ALIGN (0x8)

/DISCARD/
 libc.a(*)
 libm.a(*)
 libgcc.a(*)

.ARM.attributes
                0x0000000000000000       0x28
 *(.ARM.attributes)
 .ARM.attributes
                0x0000000000000000       0x1e /home/raffael/STM/STMCubeIDE/plugins/com.st.stm32cube.ide.mcu.externaltools.gnu-tools-for-stm32.11.3.rel1.linux64_1.1.0.202305231506/tools/bin/../lib/gcc/arm-none-eabi/11.3.1/thumb/v6-m/nofp/crti.o
 .ARM.attributes
                0x000000000000001e       0x2c /home/raffael/STM/STMCubeIDE/plugins/com.st.stm32cube.ide.mcu.externaltools.gnu-tools-for-stm32.11.3.rel1.linux64_1.1.0.202305231506/tools/bin/../lib/gcc/arm-none-eabi/11.3.1/thumb/v6-m/nofp/crtbegin.o
 .ARM.attributes
                0x000000000000004a       0x2c ./FreeRTOS/list.o
 .ARM.attributes
                0x0000000000000076       0x2c ./FreeRTOS/queue.o
 .ARM.attributes
                0x00000000000000a2       0x2c ./FreeRTOS/tasks.o
 .ARM.attributes
                0x00000000000000ce       0x2c ./FreeRTOS/timers.o
 .ARM.attributes
                0x00000000000000fa       0x2c ./FreeRTOS/portable/GCC/ARM_CM0/port.o
 .ARM.attributes
                0x0000000000000126       0x2c ./FreeRTOS/portable/MemMang/heap_1.o
 .ARM.attributes
                0x0000000000000152       0x2c ./TraceRecorder/trcKernelPort.o
 .ARM.attributes
                0x000000000000017e       0x2c ./TraceRecorder/trcSnapshotRecorder.o
 .ARM.attributes
                0x00000000000001aa       0x2c ./app/src/main.o
 .ARM.attributes
                0x00000000000001d6       0x2c ./app/src/printf-stdarg.o
 .ARM.attributes
                0x0000000000000202       0x2c ./app/src/stm32f0xx_it.o
 .ARM.attributes
                0x000000000000022e       0x2c ./bsp/src/bsp.o
 .ARM.attributes
                0x000000000000025a       0x21 ./cmsis/device/src/startup_stm32f072xb.o
 .ARM.attributes
                0x000000000000027b       0x2c ./cmsis/device/src/system_stm32f0xx.o
 .ARM.attributes
                0x00000000000002a7       0x2c /home/raffael/STM/STMCubeIDE/plugins/com.st.stm32cube.ide.mcu.externaltools.gnu-tools-for-stm32.11.3.rel1.linux64_1.1.0.202305231506/tools/bin/../lib/gcc/arm-none-eabi/11.3.1/../../../../arm-none-eabi/lib/thumb/v6-m/nofp/libc_nano.a(libc_a-memset.o)
 .ARM.attributes
                0x00000000000002d3       0x2c /home/raffael/STM/STMCubeIDE/plugins/com.st.stm32cube.ide.mcu.externaltools.gnu-tools-for-stm32.11.3.rel1.linux64_1.1.0.202305231506/tools/bin/../lib/gcc/arm-none-eabi/11.3.1/../../../../arm-none-eabi/lib/thumb/v6-m/nofp/libc_nano.a(libc_a-init.o)
 .ARM.attributes
                0x00000000000002ff       0x2c /home/raffael/STM/STMCubeIDE/plugins/com.st.stm32cube.ide.mcu.externaltools.gnu-tools-for-stm32.11.3.rel1.linux64_1.1.0.202305231506/tools/bin/../lib/gcc/arm-none-eabi/11.3.1/../../../../arm-none-eabi/lib/thumb/v6-m/nofp/libc_nano.a(libc_a-memcpy-stub.o)
 .ARM.attributes
                0x000000000000032b       0x1e /home/raffael/STM/STMCubeIDE/plugins/com.st.stm32cube.ide.mcu.externaltools.gnu-tools-for-stm32.11.3.rel1.linux64_1.1.0.202305231506/tools/bin/../lib/gcc/arm-none-eabi/11.3.1/thumb/v6-m/nofp/libgcc.a(_udivsi3.o)
 .ARM.attributes
                0x0000000000000349       0x1e /home/raffael/STM/STMCubeIDE/plugins/com.st.stm32cube.ide.mcu.externaltools.gnu-tools-for-stm32.11.3.rel1.linux64_1.1.0.202305231506/tools/bin/../lib/gcc/arm-none-eabi/11.3.1/thumb/v6-m/nofp/libgcc.a(_dvmd_tls.o)
 .ARM.attributes
                0x0000000000000367       0x1e /home/raffael/STM/STMCubeIDE/plugins/com.st.stm32cube.ide.mcu.externaltools.gnu-tools-for-stm32.11.3.rel1.linux64_1.1.0.202305231506/tools/bin/../lib/gcc/arm-none-eabi/11.3.1/thumb/v6-m/nofp/crtn.o
OUTPUT(TP3.elf elf32-littlearm)
LOAD linker stubs
LOAD /home/raffael/STM/STMCubeIDE/plugins/com.st.stm32cube.ide.mcu.externaltools.gnu-tools-for-stm32.11.3.rel1.linux64_1.1.0.202305231506/tools/bin/../lib/gcc/arm-none-eabi/11.3.1/../../../../arm-none-eabi/lib/thumb/v6-m/nofp/libc.a
LOAD /home/raffael/STM/STMCubeIDE/plugins/com.st.stm32cube.ide.mcu.externaltools.gnu-tools-for-stm32.11.3.rel1.linux64_1.1.0.202305231506/tools/bin/../lib/gcc/arm-none-eabi/11.3.1/../../../../arm-none-eabi/lib/thumb/v6-m/nofp/libm.a
LOAD /home/raffael/STM/STMCubeIDE/plugins/com.st.stm32cube.ide.mcu.externaltools.gnu-tools-for-stm32.11.3.rel1.linux64_1.1.0.202305231506/tools/bin/../lib/gcc/arm-none-eabi/11.3.1/thumb/v6-m/nofp/libgcc.a

.comment        0x0000000000000000       0x43
 .comment       0x0000000000000000       0x43 /home/raffael/STM/STMCubeIDE/plugins/com.st.stm32cube.ide.mcu.externaltools.gnu-tools-for-stm32.11.3.rel1.linux64_1.1.0.202305231506/tools/bin/../lib/gcc/arm-none-eabi/11.3.1/thumb/v6-m/nofp/crtbegin.o
                                         0x44 (size before relaxing)
 .comment       0x0000000000000043       0x44 ./FreeRTOS/list.o
 .comment       0x0000000000000043       0x44 ./FreeRTOS/queue.o
 .comment       0x0000000000000043       0x44 ./FreeRTOS/tasks.o
 .comment       0x0000000000000043       0x44 ./FreeRTOS/timers.o
 .comment       0x0000000000000043       0x44 ./FreeRTOS/portable/GCC/ARM_CM0/port.o
 .comment       0x0000000000000043       0x44 ./FreeRTOS/portable/MemMang/heap_1.o
 .comment       0x0000000000000043       0x44 ./TraceRecorder/trcKernelPort.o
 .comment       0x0000000000000043       0x44 ./TraceRecorder/trcSnapshotRecorder.o
 .comment       0x0000000000000043       0x44 ./app/src/main.o
 .comment       0x0000000000000043       0x44 ./app/src/printf-stdarg.o
 .comment       0x0000000000000043       0x44 ./app/src/stm32f0xx_it.o
 .comment       0x0000000000000043       0x44 ./bsp/src/bsp.o
 .comment       0x0000000000000043       0x44 ./cmsis/device/src/system_stm32f0xx.o

.debug_info     0x0000000000000000     0x87d4
 .debug_info    0x0000000000000000      0x2af ./FreeRTOS/list.o
 .debug_info    0x00000000000002af     0x12e0 ./FreeRTOS/queue.o
 .debug_info    0x000000000000158f     0x1d33 ./FreeRTOS/tasks.o
 .debug_info    0x00000000000032c2      0xc84 ./FreeRTOS/timers.o
 .debug_info    0x0000000000003f46      0x282 ./FreeRTOS/portable/GCC/ARM_CM0/port.o
 .debug_info    0x00000000000041c8      0x1df ./FreeRTOS/portable/MemMang/heap_1.o
 .debug_info    0x00000000000043a7      0x9fb ./TraceRecorder/trcKernelPort.o
 .debug_info    0x0000000000004da2     0x21c7 ./TraceRecorder/trcSnapshotRecorder.o
 .debug_info    0x0000000000006f69      0xb6e ./app/src/main.o
 .debug_info    0x0000000000007ad7      0x523 ./app/src/printf-stdarg.o
 .debug_info    0x0000000000007ffa      0x176 ./app/src/stm32f0xx_it.o
 .debug_info    0x0000000000008170      0x406 ./bsp/src/bsp.o
 .debug_info    0x0000000000008576       0x23 ./cmsis/device/src/startup_stm32f072xb.o
 .debug_info    0x0000000000008599      0x23b ./cmsis/device/src/system_stm32f0xx.o

.debug_abbrev   0x0000000000000000     0x1b24
 .debug_abbrev  0x0000000000000000       0xf5 ./FreeRTOS/list.o
 .debug_abbrev  0x00000000000000f5      0x310 ./FreeRTOS/queue.o
 .debug_abbrev  0x0000000000000405      0x390 ./FreeRTOS/tasks.o
 .debug_abbrev  0x0000000000000795      0x2aa ./FreeRTOS/timers.o
 .debug_abbrev  0x0000000000000a3f      0x1bd ./FreeRTOS/portable/GCC/ARM_CM0/port.o
 .debug_abbrev  0x0000000000000bfc      0x13f ./FreeRTOS/portable/MemMang/heap_1.o
 .debug_abbrev  0x0000000000000d3b      0x26a ./TraceRecorder/trcKernelPort.o
 .debug_abbrev  0x0000000000000fa5      0x3ca ./TraceRecorder/trcSnapshotRecorder.o
 .debug_abbrev  0x000000000000136f      0x2af ./app/src/main.o
 .debug_abbrev  0x000000000000161e      0x1cd ./app/src/printf-stdarg.o
 .debug_abbrev  0x00000000000017eb      0x112 ./app/src/stm32f0xx_it.o
 .debug_abbrev  0x00000000000018fd       0xf9 ./bsp/src/bsp.o
 .debug_abbrev  0x00000000000019f6       0x12 ./cmsis/device/src/startup_stm32f072xb.o
 .debug_abbrev  0x0000000000001a08      0x11c ./cmsis/device/src/system_stm32f0xx.o

.debug_aranges  0x0000000000000000      0x900
 .debug_aranges
                0x0000000000000000       0x40 ./FreeRTOS/list.o
 .debug_aranges
                0x0000000000000040      0x108 ./FreeRTOS/queue.o
 .debug_aranges
                0x0000000000000148      0x1f8 ./FreeRTOS/tasks.o
 .debug_aranges
                0x0000000000000340       0xd8 ./FreeRTOS/timers.o
 .debug_aranges
                0x0000000000000418       0x88 ./FreeRTOS/portable/GCC/ARM_CM0/port.o
 .debug_aranges
                0x00000000000004a0       0x38 ./FreeRTOS/portable/MemMang/heap_1.o
 .debug_aranges
                0x00000000000004d8       0xb0 ./TraceRecorder/trcKernelPort.o
 .debug_aranges
                0x0000000000000588      0x1f8 ./TraceRecorder/trcSnapshotRecorder.o
 .debug_aranges
                0x0000000000000780       0x60 ./app/src/main.o
 .debug_aranges
                0x00000000000007e0       0x48 ./app/src/printf-stdarg.o
 .debug_aranges
                0x0000000000000828       0x30 ./app/src/stm32f0xx_it.o
 .debug_aranges
                0x0000000000000858       0x58 ./bsp/src/bsp.o
 .debug_aranges
                0x00000000000008b0       0x28 ./cmsis/device/src/startup_stm32f072xb.o
 .debug_aranges
                0x00000000000008d8       0x28 ./cmsis/device/src/system_stm32f0xx.o

.debug_rnglists
                0x0000000000000000      0x6e1
 .debug_rnglists
                0x0000000000000000       0x2b ./FreeRTOS/list.o
 .debug_rnglists
                0x000000000000002b       0xcf ./FreeRTOS/queue.o
 .debug_rnglists
                0x00000000000000fa      0x195 ./FreeRTOS/tasks.o
 .debug_rnglists
                0x000000000000028f       0xa3 ./FreeRTOS/timers.o
 .debug_rnglists
                0x0000000000000332       0x61 ./FreeRTOS/portable/GCC/ARM_CM0/port.o
 .debug_rnglists
                0x0000000000000393       0x26 ./FreeRTOS/portable/MemMang/heap_1.o
 .debug_rnglists
                0x00000000000003b9       0x81 ./TraceRecorder/trcKernelPort.o
 .debug_rnglists
                0x000000000000043a      0x199 ./TraceRecorder/trcSnapshotRecorder.o
 .debug_rnglists
                0x00000000000005d3       0x49 ./app/src/main.o
 .debug_rnglists
                0x000000000000061c       0x34 ./app/src/printf-stdarg.o
 .debug_rnglists
                0x0000000000000650       0x1f ./app/src/stm32f0xx_it.o
 .debug_rnglists
                0x000000000000066f       0x3f ./bsp/src/bsp.o
 .debug_rnglists
                0x00000000000006ae       0x19 ./cmsis/device/src/startup_stm32f072xb.o
 .debug_rnglists
                0x00000000000006c7       0x1a ./cmsis/device/src/system_stm32f0xx.o

.debug_macro    0x0000000000000000     0x2295
 .debug_macro   0x0000000000000000      0x24e ./FreeRTOS/list.o
 .debug_macro   0x000000000000024e      0x2d7 ./FreeRTOS/queue.o
 .debug_macro   0x0000000000000525       0x16 ./FreeRTOS/queue.o
 .debug_macro   0x000000000000053b       0x35 ./FreeRTOS/queue.o
 .debug_macro   0x0000000000000570       0x20 ./FreeRTOS/queue.o
 .debug_macro   0x0000000000000590       0x80 ./FreeRTOS/queue.o
 .debug_macro   0x0000000000000610      0x33a ./FreeRTOS/tasks.o
 .debug_macro   0x000000000000094a       0x10 ./FreeRTOS/tasks.o
 .debug_macro   0x000000000000095a      0x297 ./FreeRTOS/timers.o
 .debug_macro   0x0000000000000bf1       0x97 ./FreeRTOS/timers.o
 .debug_macro   0x0000000000000c88      0x1f1 ./FreeRTOS/portable/GCC/ARM_CM0/port.o
 .debug_macro   0x0000000000000e79      0x263 ./FreeRTOS/portable/MemMang/heap_1.o
 .debug_macro   0x00000000000010dc      0x1ac ./TraceRecorder/trcKernelPort.o
 .debug_macro   0x0000000000001288      0x255 ./TraceRecorder/trcSnapshotRecorder.o
 .debug_macro   0x00000000000014dd      0x313 ./app/src/main.o
 .debug_macro   0x00000000000017f0       0x10 ./app/src/main.o
 .debug_macro   0x0000000000001800       0x10 ./app/src/main.o
 .debug_macro   0x0000000000001810       0x86 ./app/src/main.o
 .debug_macro   0x0000000000001896       0x69 ./app/src/main.o
 .debug_macro   0x00000000000018ff       0x22 ./app/src/main.o
 .debug_macro   0x0000000000001921      0x2f2 ./app/src/printf-stdarg.o
 .debug_macro   0x0000000000001c13      0x2e0 ./app/src/stm32f0xx_it.o
 .debug_macro   0x0000000000001ef3      0x2d6 ./bsp/src/bsp.o
 .debug_macro   0x00000000000021c9       0xcc ./cmsis/device/src/system_stm32f0xx.o

.debug_line     0x0000000000000000     0xada7
 .debug_line    0x0000000000000000      0x86b ./FreeRTOS/list.o
 .debug_line    0x000000000000086b     0x160c ./FreeRTOS/queue.o
 .debug_line    0x0000000000001e77     0x1de2 ./FreeRTOS/tasks.o
 .debug_line    0x0000000000003c59      0xcdb ./FreeRTOS/timers.o
 .debug_line    0x0000000000004934      0x815 ./FreeRTOS/portable/GCC/ARM_CM0/port.o
 .debug_line    0x0000000000005149      0x833 ./FreeRTOS/portable/MemMang/heap_1.o
 .debug_line    0x000000000000597c      0x9c4 ./TraceRecorder/trcKernelPort.o
 .debug_line    0x0000000000006340     0x1d57 ./TraceRecorder/trcSnapshotRecorder.o
 .debug_line    0x0000000000008097      0xada ./app/src/main.o
 .debug_line    0x0000000000008b71      0xb30 ./app/src/printf-stdarg.o
 .debug_line    0x00000000000096a1      0x865 ./app/src/stm32f0xx_it.o
 .debug_line    0x0000000000009f06      0x94c ./bsp/src/bsp.o
 .debug_line    0x000000000000a852       0x7b ./cmsis/device/src/startup_stm32f072xb.o
 .debug_line    0x000000000000a8cd      0x4da ./cmsis/device/src/system_stm32f0xx.o

.debug_str      0x0000000000000000    0x7226c
 .debug_str     0x0000000000000000    0x6b4bf ./FreeRTOS/list.o
                                      0x6b736 (size before relaxing)
 .debug_str     0x000000000006b4bf     0x2584 ./FreeRTOS/queue.o
                                      0x6dcde (size before relaxing)
 .debug_str     0x000000000006da43     0x1b6b ./FreeRTOS/tasks.o
                                      0x6ea33 (size before relaxing)
 .debug_str     0x000000000006f5ae      0x4dd ./FreeRTOS/timers.o
                                      0x6df2d (size before relaxing)
 .debug_str     0x000000000006fa8b      0x37d ./FreeRTOS/portable/GCC/ARM_CM0/port.o
                                      0x69af1 (size before relaxing)
 .debug_str     0x000000000006fe08       0xeb ./FreeRTOS/portable/MemMang/heap_1.o
                                      0x6c988 (size before relaxing)
 .debug_str     0x000000000006fef3      0x5e6 ./TraceRecorder/trcKernelPort.o
                                      0x6a5c0 (size before relaxing)
 .debug_str     0x00000000000704d9      0xe5a ./TraceRecorder/trcSnapshotRecorder.o
                                      0x6c4a4 (size before relaxing)
 .debug_str     0x0000000000071333      0xca9 ./app/src/main.o
                                      0x6ecaf (size before relaxing)
 .debug_str     0x0000000000071fdc       0xa6 ./app/src/printf-stdarg.o
                                      0x6e6db (size before relaxing)
 .debug_str     0x0000000000072082       0x5b ./app/src/stm32f0xx_it.o
                                      0x6e617 (size before relaxing)
 .debug_str     0x00000000000720dd       0x7f ./bsp/src/bsp.o
                                      0x6e6c7 (size before relaxing)
 .debug_str     0x000000000007215c       0x36 ./cmsis/device/src/startup_stm32f072xb.o
                                         0x61 (size before relaxing)
 .debug_str     0x0000000000072192       0xda ./cmsis/device/src/system_stm32f0xx.o
                                      0x5a760 (size before relaxing)

.debug_frame    0x0000000000000000     0x1f68
 .debug_frame   0x0000000000000000       0xb0 ./FreeRTOS/list.o
 .debug_frame   0x00000000000000b0      0x3f4 ./FreeRTOS/queue.o
 .debug_frame   0x00000000000004a4      0x778 ./FreeRTOS/tasks.o
 .debug_frame   0x0000000000000c1c      0x308 ./FreeRTOS/timers.o
 .debug_frame   0x0000000000000f24      0x174 ./FreeRTOS/portable/GCC/ARM_CM0/port.o
 .debug_frame   0x0000000000001098       0x88 ./FreeRTOS/portable/MemMang/heap_1.o
 .debug_frame   0x0000000000001120      0x264 ./TraceRecorder/trcKernelPort.o
 .debug_frame   0x0000000000001384      0x790 ./TraceRecorder/trcSnapshotRecorder.o
 .debug_frame   0x0000000000001b14      0x130 ./app/src/main.o
 .debug_frame   0x0000000000001c44       0xe8 ./app/src/printf-stdarg.o
 .debug_frame   0x0000000000001d2c       0x68 ./app/src/stm32f0xx_it.o
 .debug_frame   0x0000000000001d94       0xf4 ./bsp/src/bsp.o
 .debug_frame   0x0000000000001e88       0x4c ./cmsis/device/src/system_stm32f0xx.o
 .debug_frame   0x0000000000001ed4       0x20 /home/raffael/STM/STMCubeIDE/plugins/com.st.stm32cube.ide.mcu.externaltools.gnu-tools-for-stm32.11.3.rel1.linux64_1.1.0.202305231506/tools/bin/../lib/gcc/arm-none-eabi/11.3.1/../../../../arm-none-eabi/lib/thumb/v6-m/nofp/libc_nano.a(libc_a-memset.o)
 .debug_frame   0x0000000000001ef4       0x2c /home/raffael/STM/STMCubeIDE/plugins/com.st.stm32cube.ide.mcu.externaltools.gnu-tools-for-stm32.11.3.rel1.linux64_1.1.0.202305231506/tools/bin/../lib/gcc/arm-none-eabi/11.3.1/../../../../arm-none-eabi/lib/thumb/v6-m/nofp/libc_nano.a(libc_a-init.o)
 .debug_frame   0x0000000000001f20       0x28 /home/raffael/STM/STMCubeIDE/plugins/com.st.stm32cube.ide.mcu.externaltools.gnu-tools-for-stm32.11.3.rel1.linux64_1.1.0.202305231506/tools/bin/../lib/gcc/arm-none-eabi/11.3.1/../../../../arm-none-eabi/lib/thumb/v6-m/nofp/libc_nano.a(libc_a-memcpy-stub.o)
 .debug_frame   0x0000000000001f48       0x20 /home/raffael/STM/STMCubeIDE/plugins/com.st.stm32cube.ide.mcu.externaltools.gnu-tools-for-stm32.11.3.rel1.linux64_1.1.0.202305231506/tools/bin/../lib/gcc/arm-none-eabi/11.3.1/thumb/v6-m/nofp/libgcc.a(_udivsi3.o)

.debug_line_str
                0x0000000000000000       0x55
 .debug_line_str
                0x0000000000000000       0x55 ./cmsis/device/src/startup_stm32f072xb.o
                                         0x6b (size before relaxing)
