../FreeRTOS/portable/GCC/ARM_CM0/port.c:132:15:pxPortInitialiseStack	24	static
../FreeRTOS/portable/GCC/ARM_CM0/port.c:152:13:prvTaskExitError	16	static,ignoring_inline_asm
../FreeRTOS/portable/GCC/ARM_CM0/port.c:178:6:SVC_Handler	8	static
../FreeRTOS/portable/GCC/ARM_CM0/port.c:185:6:vPortStartFirstTask	0	static,ignoring_inline_asm
../FreeRTOS/portable/GCC/ARM_CM0/port.c:216:12:xPortStartScheduler	8	static
../FreeRTOS/portable/GCC/ARM_CM0/port.c:246:6:vPortEndScheduler	8	static,ignoring_inline_asm
../FreeRTOS/portable/GCC/ARM_CM0/port.c:254:6:vPortYield	8	static,ignoring_inline_asm
../FreeRTOS/portable/GCC/ARM_CM0/port.c:266:6:vPortEnterCritical	8	static,ignoring_inline_asm
../FreeRTOS/portable/GCC/ARM_CM0/port.c:275:6:vPortExitCritical	8	static,ignoring_inline_asm
../FreeRTOS/portable/GCC/ARM_CM0/port.c:287:10:ulSetInterruptMaskFromISR	0	static,ignoring_inline_asm
../FreeRTOS/portable/GCC/ARM_CM0/port.c:298:6:vClearInterruptMaskFromISR	0	static,ignoring_inline_asm
../FreeRTOS/portable/GCC/ARM_CM0/port.c:308:6:PendSV_Handler	0	static,ignoring_inline_asm
../FreeRTOS/portable/GCC/ARM_CM0/port.c:357:6:SysTick_Handler	16	static
../FreeRTOS/portable/GCC/ARM_CM0/port.c:378:32:vPortSetupTimerInterrupt	8	static
